// Jest Snapshot v1, https://goo.gl/fbAQLP

exports[`Home renders correctly 1`] = `
<header
  style={
    Object {
      "color": "#fff",
    }
  }
>
  <h1
    className="header-title"
  >
    Crypto Currency Application
  </h1>
</header>
`;
